0100 START
014A LOAD_LOOP
0177 LOAD_DONE
01DA PAYLOAD_OK
01F0 NEXT_BYTE
01F4 CODE_LOOP
0208 CODE_UP
0210 LARGE_DOWN
0217 LD_DLY1
0223 LD_DLY2
022F LD_DLY3
023C LD_DLY4
0243 SMALL_DOWN
024A SD_DLY1
0256 SD_DLY2
0262 SD_DLY3
026F SD_DLY4
0276 SMALL_UP
027D SU_DLY1
0289 SU_DLY2
0295 SU_DLY3
02A2 SU_DLY4
02A9 LARGE_UP
02B0 LU_DLY1
02BC LU_DLY2
02C8 LU_DLY3
02D5 LU_DLY4
02DC AFTER_SAMPLE
02F8 BAD_NAME
0303 OPEN_ERROR
030E FILE_TOO_LARGE
0321 BAD_FILE
032C UNSUPPORTED_FILE
0337 EXIT_TO_CPM
033A INIT_FCB
0340 CLEAR_FCB_LOOP
034B SPACE_FCB_LOOP
0350 PARSE_FILENAME
037A NO_DRIVE
037F NAME_LOOP
039F START_EXTENSION
03AB EXTENSION_LOOP
03C6 EXTENSION_DONE
03CC NO_EXTENSION
03D1 SET_DEFAULT_EXTENSION
03DE PARSE_FAIL
03E0 UPCASE
03E9 VALID_CHAR
0427 INVALID_CHAR
0429 MSG_TITLE
0465 MSG_PROMPT
0483 MSG_CRLF
0486 MSG_LOADING
04A4 MSG_PLAY
04D7 MSG_DONE
04EE MSG_BAD_NAME
0529 MSG_OPEN_ERROR
0542 MSG_TOO_LARGE
0571 MSG_BAD_FILE
059A MSG_UNSUPPORTED
05F1 DEFAULT_EXTENSION
05F4 LOAD_END
05F6 INPUT_BUFFER
05F7 INPUT_COUNT
05F8 INPUT_TEXT
0609 FCB
060A FCB_NAME
0612 FCB_EXT
